[17-Apr-2026 07:24:53 UTC] PHP Warning:  Undefined variable $parent_theme_name in /workspaces/assignment-/.wordpress/wp-content/mu-plugins/one-click-child-theme/templates/create_child_form.php on line 18
[17-Apr-2026 07:45:20 UTC] PHP Parse error:  Unclosed '(' on line 15 does not match '}' in /workspaces/assignment-/.wordpress/wp-content/themes/leen-coffee/functions.php on line 16
[17-Apr-2026 07:45:20 UTC] PHP Warning:  Trying to access array offset on false in /workspaces/assignment-/.wordpress/wp-includes/class-wp-recovery-mode-email-service.php on line 367
[17-Apr-2026 07:45:20 UTC] PHP Warning:  Trying to access array offset on false in /workspaces/assignment-/.wordpress/wp-includes/class-wp-recovery-mode-email-service.php on line 368
[17-Apr-2026 07:45:20 UTC] PHP Fatal error:  Uncaught Error: Call to undefined function ic_string_contains() in /workspaces/assignment-/.wordpress/wp-content/plugins/ecommerce-product-catalog/includes/tracking.php:467
Stack trace:
#0 /workspaces/assignment-/.wordpress/wp-includes/class-wp-hook.php(341): IC_EPC_Tracking->paused_plugin_report_email(Array, 'http://localhos...')
#1 /workspaces/assignment-/.wordpress/wp-includes/plugin.php(205): WP_Hook->apply_filters(Array, Array)
#2 /workspaces/assignment-/.wordpress/wp-includes/class-wp-recovery-mode-email-service.php(223): apply_filters('recovery_mode_e...', Array, 'http://localhos...')
#3 /workspaces/assignment-/.wordpress/wp-includes/class-wp-recovery-mode-email-service.php(62): WP_Recovery_Mode_Email_Service->send_recovery_mode_email(86400, Array, Array)
#4 /workspaces/assignment-/.wordpress/wp-includes/class-wp-recovery-mode.php(185): WP_Recovery_Mode_Email_Service->maybe_send_recovery_mode_email(86400, Array, Array)
#5 /workspaces/assignment-/.wordpress/wp-includes/class-wp-fatal-error-handler.php(55): WP_Recovery_Mode->handle_error(Array)
#6 [internal function]: WP_Fatal_Error_Handler->handle()
#7 {main}
  thrown in /workspaces/assignment-/.wordpress/wp-content/plugins/ecommerce-product-catalog/includes/tracking.php on line 467
[17-Apr-2026 07:45:35 UTC] PHP Parse error:  Unclosed '(' on line 15 does not match '}' in /workspaces/assignment-/.wordpress/wp-content/themes/leen-coffee/functions.php on line 16
[17-Apr-2026 07:45:37 UTC] PHP Parse error:  Unclosed '(' on line 15 does not match '}' in /workspaces/assignment-/.wordpress/wp-content/themes/leen-coffee/functions.php on line 16
[17-Apr-2026 07:45:40 UTC] PHP Parse error:  Unclosed '(' on line 15 does not match '}' in /workspaces/assignment-/.wordpress/wp-content/themes/leen-coffee/functions.php on line 16
[17-Apr-2026 07:45:47 UTC] PHP Parse error:  Unclosed '(' on line 15 does not match '}' in /workspaces/assignment-/.wordpress/wp-content/themes/leen-coffee/functions.php on line 16
[17-Apr-2026 07:45:54 UTC] PHP Parse error:  Unclosed '(' on line 15 does not match '}' in /workspaces/assignment-/.wordpress/wp-content/themes/leen-coffee/functions.php on line 16
[17-Apr-2026 07:46:08 UTC] PHP Parse error:  Unclosed '(' on line 15 does not match '}' in /workspaces/assignment-/.wordpress/wp-content/themes/leen-coffee/functions.php on line 16
[17-Apr-2026 07:47:48 UTC] PHP Parse error:  Unclosed '(' on line 14 in /workspaces/assignment-/.wordpress/wp-content/themes/leen-coffee/functions.php on line 19
[17-Apr-2026 07:47:58 UTC] PHP Parse error:  syntax error, unexpected token ";", expecting ")" in /workspaces/assignment-/.wordpress/wp-content/themes/leen-coffee/functions.php on line 14
[17-Apr-2026 07:49:48 UTC] PHP Parse error:  syntax error, unexpected token ";", expecting ")" in /workspaces/assignment-/.wordpress/wp-content/themes/leen-coffee/functions.php on line 14
